subject1_phone_L_0.wav
subject1_phone_L_1.wav
subject1_phone_L_2.wav
subject1_phone_L_3.wav
subject1_phone_L_4.wav
subject1_phone_L_5.wav
subject1_phone_L_6.wav
subject1_phone_L_7.wav
subject1_phone_L_8.wav
subject1_phone_L_9.wav
subject1_phone_L_10.wav
subject1_phone_L_11.wav
subject1_phone_L_12.wav
subject1_phone_L_13.wav
subject1_phone_L_14.wav
subject1_phone_L_15.wav
subject1_phone_L_16.wav
subject1_phone_L_17.wav
subject1_phone_L_18.wav
subject1_phone_L_19.wav
subject1_phone_L_20.wav
subject1_phone_L_21.wav
subject1_phone_L_22.wav
subject1_phone_L_23.wav
subject1_phone_L_24.wav
subject1_phone_L_25.wav
subject1_phone_L_26.wav
subject1_phone_L_27.wav
subject1_phone_L_28.wav
subject1_phone_L_29.wav
subject1_phone_L_30.wav
subject1_phone_L_31.wav
subject1_phone_L_32.wav
subject1_phone_L_33.wav
subject1_phone_L_34.wav
subject1_phone_L_35.wav
subject1_phone_L_36.wav
subject1_phone_L_37.wav
subject2_phone_L_0.wav
subject2_phone_L_1.wav
subject2_phone_L_2.wav
subject2_phone_L_3.wav
subject2_phone_L_4.wav
subject2_phone_L_5.wav
subject2_phone_L_6.wav
subject2_phone_L_7.wav
subject2_phone_L_8.wav
subject2_phone_L_9.wav
subject2_phone_L_10.wav
subject2_phone_L_11.wav
subject3_phone_L_0.wav
subject3_phone_L_1.wav
subject3_phone_L_2.wav
subject3_phone_L_3.wav
subject3_phone_L_4.wav
subject3_phone_L_5.wav
subject3_phone_L_6.wav
subject3_phone_L_7.wav
subject3_phone_L_8.wav
subject3_phone_L_9.wav
subject3_phone_L_10.wav
subject3_phone_L_11.wav
subject3_phone_L_12.wav
subject3_phone_L_13.wav
subject3_phone_L_14.wav
subject3_phone_L_15.wav
subject3_phone_L_16.wav
subject3_phone_L_17.wav
subject3_phone_L_18.wav
subject3_phone_L_19.wav
subject3_phone_L_20.wav
subject3_phone_L_21.wav
subject3_phone_L_22.wav
subject3_phone_L_23.wav
subject3_phone_L_24.wav
subject3_phone_L_25.wav
subject3_phone_L_26.wav
subject3_phone_L_27.wav
subject3_phone_L_28.wav
subject4_phone_L_0.wav
subject4_phone_L_1.wav
subject4_phone_L_2.wav
subject4_phone_L_3.wav
subject4_phone_L_4.wav
subject4_phone_L_5.wav
subject4_phone_L_6.wav
subject4_phone_L_7.wav
subject4_phone_L_8.wav
subject4_phone_L_9.wav
subject4_phone_L_10.wav
subject4_phone_L_11.wav
subject4_phone_L_12.wav
subject4_phone_L_13.wav
subject4_phone_L_14.wav
subject4_phone_L_15.wav
subject4_phone_L_16.wav
subject4_phone_L_17.wav
subject4_phone_L_18.wav
subject4_phone_L_19.wav
subject4_phone_L_20.wav
subject4_phone_L_21.wav
subject4_phone_L_22.wav
subject4_phone_L_23.wav
subject4_phone_L_24.wav
subject4_phone_L_25.wav
subject4_phone_L_26.wav
subject4_phone_L_27.wav
subject4_phone_L_28.wav
subject4_phone_L_29.wav
subject4_phone_L_30.wav
subject4_phone_L_31.wav
subject4_phone_L_32.wav
subject4_phone_L_33.wav
subject4_phone_L_34.wav
subject4_phone_L_35.wav
subject4_phone_L_36.wav
subject4_phone_L_37.wav
subject4_phone_L_38.wav
subject4_phone_L_39.wav
subject4_phone_L_40.wav
subject4_phone_L_41.wav
subject4_phone_L_42.wav
subject4_phone_L_43.wav
subject4_phone_L_44.wav
subject5_phone_L_0.wav
subject5_phone_L_1.wav
subject5_phone_L_2.wav
subject5_phone_L_3.wav
subject5_phone_L_4.wav
subject5_phone_L_5.wav
subject5_phone_L_6.wav
subject5_phone_L_7.wav
subject5_phone_L_8.wav
subject5_phone_L_9.wav
subject5_phone_L_10.wav
subject5_phone_L_11.wav
subject5_phone_L_12.wav
subject6_phone_L_0.wav
subject6_phone_L_1.wav
subject6_phone_L_2.wav
subject6_phone_L_3.wav
subject6_phone_L_4.wav
subject6_phone_L_5.wav
subject6_phone_L_6.wav
subject6_phone_L_7.wav
subject6_phone_L_8.wav
subject6_phone_L_9.wav
subject6_phone_L_10.wav
subject6_phone_L_11.wav
subject6_phone_L_12.wav
subject6_phone_L_13.wav
subject6_phone_L_14.wav
subject6_phone_L_15.wav
subject6_phone_L_16.wav
subject6_phone_L_17.wav
subject6_phone_L_18.wav
subject6_phone_L_19.wav
subject6_phone_L_20.wav
subject6_phone_L_21.wav
subject6_phone_L_22.wav
subject6_phone_L_23.wav
subject6_phone_L_24.wav
subject6_phone_L_25.wav
subject6_phone_L_26.wav
subject6_phone_L_27.wav
subject6_phone_L_28.wav
subject6_phone_L_29.wav
subject6_phone_L_30.wav
subject7_phone_L_0.wav
subject7_phone_L_1.wav
subject7_phone_L_2.wav
subject7_phone_L_3.wav
subject7_phone_L_4.wav
subject7_phone_L_5.wav
subject7_phone_L_6.wav
subject7_phone_L_7.wav
subject7_phone_L_8.wav
subject7_phone_L_9.wav
subject7_phone_L_10.wav
subject7_phone_L_11.wav
subject7_phone_L_12.wav
subject8_phone_L_0.wav
subject8_phone_L_1.wav
subject8_phone_L_2.wav
subject8_phone_L_3.wav
subject8_phone_L_4.wav
subject8_phone_L_5.wav
subject9_phone_L_0.wav
subject9_phone_L_1.wav
subject9_phone_L_2.wav
subject9_phone_L_3.wav
subject9_phone_L_4.wav
subject9_phone_L_5.wav
subject9_phone_L_6.wav
subject9_phone_L_7.wav
subject9_phone_L_8.wav
subject9_phone_L_9.wav
subject9_phone_L_10.wav
subject9_phone_L_11.wav
subject9_phone_L_12.wav
subject9_phone_L_13.wav
subject9_phone_L_14.wav
subject9_phone_L_15.wav
subject9_phone_L_16.wav
subject9_phone_L_17.wav
subject9_phone_L_18.wav
subject9_phone_L_19.wav
subject9_phone_L_20.wav
subject9_phone_L_21.wav
subject11_phone_L_0.wav
subject11_phone_L_1.wav
subject11_phone_L_2.wav
subject11_phone_L_3.wav
subject11_phone_L_4.wav
subject11_phone_L_5.wav
subject11_phone_L_6.wav
subject11_phone_L_7.wav
subject11_phone_L_8.wav
subject11_phone_L_9.wav
subject11_phone_L_10.wav
subject11_phone_L_11.wav
subject11_phone_L_12.wav
subject11_phone_L_13.wav
subject11_phone_L_14.wav
subject11_phone_L_15.wav
subject11_phone_L_16.wav
subject11_phone_L_17.wav
subject11_phone_L_18.wav
subject11_phone_L_19.wav
subject11_phone_L_20.wav
subject11_phone_L_21.wav
subject11_phone_L_22.wav
subject12_phone_L_0.wav
subject12_phone_L_1.wav
subject12_phone_L_2.wav
subject12_phone_L_3.wav
subject12_phone_L_4.wav
subject12_phone_L_5.wav
subject12_phone_L_6.wav
subject12_phone_L_7.wav
subject12_phone_L_8.wav
subject12_phone_L_9.wav
subject12_phone_L_10.wav
subject12_phone_L_11.wav
subject12_phone_L_12.wav
subject12_phone_L_13.wav
subject12_phone_L_14.wav
subject12_phone_L_15.wav
subject12_phone_L_16.wav
subject12_phone_L_17.wav
subject13_phone_L_0.wav
subject13_phone_L_1.wav
subject13_phone_L_2.wav
subject13_phone_L_3.wav
subject13_phone_L_4.wav
subject13_phone_L_5.wav
subject13_phone_L_6.wav
subject13_phone_L_7.wav
subject13_phone_L_8.wav
subject13_phone_L_9.wav
subject13_phone_L_10.wav
subject13_phone_L_11.wav
subject13_phone_L_12.wav
subject13_phone_L_13.wav
subject13_phone_L_14.wav
subject13_phone_L_15.wav
subject13_phone_L_16.wav
subject13_phone_L_17.wav
subject13_phone_L_18.wav
subject13_phone_L_19.wav
subject13_phone_L_20.wav
subject13_phone_L_21.wav
subject13_phone_L_22.wav
subject13_phone_L_23.wav
subject13_phone_L_24.wav
subject13_phone_L_25.wav
subject13_phone_L_26.wav
subject13_phone_L_27.wav
subject13_phone_L_28.wav
subject13_phone_L_29.wav
subject13_phone_L_30.wav
subject13_phone_L_31.wav
subject13_phone_L_32.wav
subject13_phone_L_33.wav
subject13_phone_L_34.wav
subject13_phone_L_35.wav
subject13_phone_L_36.wav
subject13_phone_L_37.wav
subject13_phone_L_38.wav
subject13_phone_L_39.wav
subject14_phone_L_0.wav
subject14_phone_L_1.wav
subject14_phone_L_2.wav
subject14_phone_L_3.wav
subject14_phone_L_4.wav
subject14_phone_L_5.wav
subject14_phone_L_6.wav
subject14_phone_L_7.wav
subject14_phone_L_8.wav
subject14_phone_L_9.wav
subject14_phone_L_10.wav
subject14_phone_L_11.wav
subject14_phone_L_12.wav
subject14_phone_L_13.wav
subject14_phone_L_14.wav
subject14_phone_L_15.wav
subject14_phone_L_16.wav
subject14_phone_L_17.wav
subject14_phone_L_18.wav
subject14_phone_L_19.wav
subject14_phone_L_20.wav
subject14_phone_L_21.wav
subject14_phone_L_22.wav
subject14_phone_L_23.wav
subject14_phone_L_24.wav
subject14_phone_L_25.wav
subject15_phone_L_0.wav
subject15_phone_L_1.wav
subject15_phone_L_2.wav
subject15_phone_L_3.wav
subject15_phone_L_4.wav
subject15_phone_L_5.wav
subject15_phone_L_6.wav
subject15_phone_L_7.wav
subject15_phone_L_8.wav
subject15_phone_L_9.wav
subject15_phone_L_10.wav
subject15_phone_L_11.wav
subject15_phone_L_12.wav
subject15_phone_L_13.wav
subject15_phone_L_14.wav
subject15_phone_L_15.wav
subject15_phone_L_16.wav
subject15_phone_L_17.wav
subject15_phone_L_18.wav
subject15_phone_L_19.wav
subject15_phone_L_20.wav
subject15_phone_L_21.wav
subject15_phone_L_22.wav
subject15_phone_L_23.wav
subject16_phone_L_0.wav
subject16_phone_L_1.wav
subject16_phone_L_2.wav
subject16_phone_L_3.wav
subject16_phone_L_4.wav
subject16_phone_L_5.wav
subject16_phone_L_6.wav
subject16_phone_L_7.wav
subject16_phone_L_8.wav
subject16_phone_L_9.wav
subject16_phone_L_10.wav
subject16_phone_L_11.wav
subject16_phone_L_12.wav
subject16_phone_L_13.wav
subject16_phone_L_14.wav
subject16_phone_L_15.wav
subject16_phone_L_16.wav
subject17_phone_L_0.wav
subject17_phone_L_1.wav
subject17_phone_L_2.wav
subject17_phone_L_3.wav
subject17_phone_L_4.wav
subject17_phone_L_5.wav
subject17_phone_L_6.wav
subject17_phone_L_7.wav
subject17_phone_L_8.wav
subject17_phone_L_9.wav
subject17_phone_L_10.wav
subject17_phone_L_11.wav
subject17_phone_L_12.wav
subject17_phone_L_13.wav
subject17_phone_L_14.wav
subject17_phone_L_15.wav
subject17_phone_L_16.wav
subject17_phone_L_17.wav
subject17_phone_L_18.wav
subject17_phone_L_19.wav
subject17_phone_L_20.wav
subject18_phone_L_0.wav
subject18_phone_L_1.wav
subject18_phone_L_2.wav
subject18_phone_L_3.wav
subject18_phone_L_4.wav
subject18_phone_L_5.wav
subject18_phone_L_6.wav
subject18_phone_L_7.wav
subject18_phone_L_8.wav
subject18_phone_L_9.wav
subject18_phone_L_10.wav
subject18_phone_L_11.wav
subject18_phone_L_12.wav
subject18_phone_L_13.wav
subject18_phone_L_14.wav
subject18_phone_L_15.wav
subject18_phone_L_16.wav
subject18_phone_L_17.wav
subject18_phone_L_18.wav
subject18_phone_L_19.wav
subject19_phone_L_0.wav
subject19_phone_L_1.wav
subject19_phone_L_2.wav
subject19_phone_L_3.wav
subject19_phone_L_4.wav
subject19_phone_L_5.wav
subject19_phone_L_6.wav
subject19_phone_L_7.wav
subject20_phone_L_0.wav
subject20_phone_L_1.wav
subject20_phone_L_2.wav
subject20_phone_L_3.wav
subject20_phone_L_4.wav
subject20_phone_L_5.wav
subject20_phone_L_6.wav
subject20_phone_L_7.wav
subject20_phone_L_8.wav
subject20_phone_L_9.wav
subject20_phone_L_10.wav
subject20_phone_L_11.wav
subject20_phone_L_12.wav
subject20_phone_L_13.wav
subject20_phone_L_14.wav
subject20_phone_L_15.wav
subject20_phone_L_16.wav
subject20_phone_L_17.wav
subject20_phone_L_18.wav
subject20_phone_L_19.wav
subject20_phone_L_20.wav
subject20_phone_L_21.wav
subject20_phone_L_22.wav
subject20_phone_L_23.wav
subject20_phone_L_24.wav
subject20_phone_L_25.wav
subject20_phone_L_26.wav
subject20_phone_L_27.wav
subject20_phone_L_28.wav
subject20_phone_L_29.wav
subject20_phone_L_30.wav
subject20_phone_L_31.wav
subject20_phone_L_32.wav
subject20_phone_L_33.wav
subject20_phone_L_34.wav
subject20_phone_L_35.wav
subject20_phone_L_36.wav
subject20_phone_L_37.wav
subject20_phone_L_38.wav
subject21_phone_L_0.wav
subject21_phone_L_1.wav
subject21_phone_L_2.wav
subject21_phone_L_3.wav
subject21_phone_L_4.wav
subject21_phone_L_5.wav
subject21_phone_L_6.wav
subject21_phone_L_7.wav
subject21_phone_L_8.wav
subject21_phone_L_9.wav
subject21_phone_L_10.wav
subject21_phone_L_11.wav
subject21_phone_L_12.wav
subject21_phone_L_13.wav
subject21_phone_L_14.wav
subject21_phone_L_15.wav
subject21_phone_L_16.wav
subject21_phone_L_17.wav
subject21_phone_L_18.wav
subject21_phone_L_19.wav
subject21_phone_L_20.wav
subject21_phone_L_21.wav
subject21_phone_L_22.wav
subject21_phone_L_23.wav
subject21_phone_L_24.wav
subject21_phone_L_25.wav
subject21_phone_L_26.wav
subject22_phone_L_0.wav
subject22_phone_L_1.wav
subject22_phone_L_2.wav
subject22_phone_L_3.wav
subject22_phone_L_4.wav
subject22_phone_L_5.wav
subject22_phone_L_6.wav
subject22_phone_L_7.wav
subject22_phone_L_8.wav
subject22_phone_L_9.wav
subject22_phone_L_10.wav
subject22_phone_L_11.wav
subject22_phone_L_12.wav
subject22_phone_L_13.wav
subject22_phone_L_14.wav
subject22_phone_L_15.wav
subject22_phone_L_16.wav
subject22_phone_L_17.wav
subject22_phone_L_18.wav
subject22_phone_L_19.wav
subject22_phone_L_20.wav
subject22_phone_L_21.wav
subject22_phone_L_22.wav
subject22_phone_L_23.wav
subject22_phone_L_24.wav
subject22_phone_L_25.wav
subject22_phone_L_26.wav
subject22_phone_L_27.wav
subject22_phone_L_28.wav
subject22_phone_L_29.wav
subject22_phone_L_30.wav
subject22_phone_L_31.wav
subject22_phone_L_32.wav
subject22_phone_L_33.wav
subject22_phone_L_34.wav
subject22_phone_L_35.wav
subject22_phone_L_36.wav
subject22_phone_L_37.wav
subject22_phone_L_38.wav
subject22_phone_L_39.wav
subject22_phone_L_40.wav
subject23_phone_L_0.wav
subject23_phone_L_1.wav
subject23_phone_L_2.wav
subject23_phone_L_3.wav
subject23_phone_L_4.wav
subject23_phone_L_5.wav
subject23_phone_L_6.wav
subject23_phone_L_7.wav
subject23_phone_L_8.wav
subject23_phone_L_9.wav
subject23_phone_L_10.wav
subject23_phone_L_11.wav
subject23_phone_L_12.wav
subject23_phone_L_13.wav
subject23_phone_L_14.wav
subject23_phone_L_15.wav
subject23_phone_L_16.wav
subject23_phone_L_17.wav
subject23_phone_L_18.wav
subject23_phone_L_19.wav
subject23_phone_L_20.wav
subject23_phone_L_21.wav
subject23_phone_L_22.wav
subject23_phone_L_23.wav
subject23_phone_L_24.wav
subject23_phone_L_25.wav
subject23_phone_L_26.wav
subject23_phone_L_27.wav
subject23_phone_L_28.wav
subject25_phone_L_0.wav
subject25_phone_L_1.wav
subject25_phone_L_2.wav
subject25_phone_L_3.wav
subject25_phone_L_4.wav
subject25_phone_L_5.wav
subject25_phone_L_6.wav
subject25_phone_L_7.wav
subject25_phone_L_8.wav
subject25_phone_L_9.wav
subject25_phone_L_10.wav
subject25_phone_L_11.wav
subject25_phone_L_12.wav
subject25_phone_L_13.wav
subject25_phone_L_14.wav
subject25_phone_L_15.wav
subject25_phone_L_16.wav
subject25_phone_L_17.wav
subject25_phone_L_18.wav
subject25_phone_L_19.wav
subject25_phone_L_20.wav
subject25_phone_L_21.wav
subject25_phone_L_22.wav
subject25_phone_L_23.wav
subject25_phone_L_24.wav
subject25_phone_L_25.wav
subject25_phone_L_26.wav
subject25_phone_L_27.wav
subject25_phone_L_28.wav
subject25_phone_L_29.wav
subject25_phone_L_30.wav
subject25_phone_L_31.wav
subject25_phone_L_32.wav
subject25_phone_L_33.wav
subject25_phone_L_34.wav
subject25_phone_L_35.wav
subject25_phone_L_36.wav
subject25_phone_L_37.wav
subject26_phone_L_0.wav
subject26_phone_L_1.wav
subject26_phone_L_2.wav
subject26_phone_L_3.wav
subject26_phone_L_4.wav
subject26_phone_L_5.wav
subject26_phone_L_6.wav
subject26_phone_L_7.wav
subject26_phone_L_8.wav
subject26_phone_L_9.wav
subject26_phone_L_10.wav
subject26_phone_L_11.wav
subject26_phone_L_12.wav
subject26_phone_L_13.wav
subject26_phone_L_14.wav
subject26_phone_L_15.wav
subject26_phone_L_16.wav
subject26_phone_L_17.wav
subject26_phone_L_18.wav
subject26_phone_L_19.wav
subject26_phone_L_20.wav
subject26_phone_L_21.wav
subject26_phone_L_22.wav
subject26_phone_L_23.wav
subject26_phone_L_24.wav
subject27_phone_L_0.wav
subject27_phone_L_1.wav
subject27_phone_L_2.wav
subject27_phone_L_3.wav
subject27_phone_L_4.wav
subject27_phone_L_5.wav
subject27_phone_L_6.wav
subject27_phone_L_7.wav
subject27_phone_L_8.wav
subject27_phone_L_9.wav
subject27_phone_L_10.wav
subject27_phone_L_11.wav
subject27_phone_L_12.wav
subject27_phone_L_13.wav
subject27_phone_L_14.wav
subject27_phone_L_15.wav
subject27_phone_L_16.wav
subject27_phone_L_17.wav
subject27_phone_L_18.wav
subject27_phone_L_19.wav
subject27_phone_L_20.wav
subject28_phone_L_0.wav
subject28_phone_L_1.wav
subject28_phone_L_2.wav
subject28_phone_L_3.wav
subject28_phone_L_4.wav
subject28_phone_L_5.wav
subject28_phone_L_6.wav
subject28_phone_L_7.wav
subject28_phone_L_8.wav
subject28_phone_L_9.wav
subject28_phone_L_10.wav
subject28_phone_L_11.wav
subject28_phone_L_12.wav
subject28_phone_L_13.wav
subject28_phone_L_14.wav
subject28_phone_L_15.wav
subject28_phone_L_16.wav
subject28_phone_L_17.wav
subject29_phone_L_0.wav
subject29_phone_L_1.wav
subject29_phone_L_2.wav
subject29_phone_L_3.wav
subject29_phone_L_4.wav
subject29_phone_L_5.wav
subject29_phone_L_6.wav
subject29_phone_L_7.wav
subject29_phone_L_8.wav
subject29_phone_L_9.wav
subject29_phone_L_10.wav
subject29_phone_L_11.wav
subject29_phone_L_12.wav
subject29_phone_L_13.wav
subject29_phone_L_14.wav
subject29_phone_L_15.wav
subject29_phone_L_16.wav
subject29_phone_L_17.wav
subject29_phone_L_18.wav
subject29_phone_L_19.wav
subject29_phone_L_20.wav
subject29_phone_L_21.wav
subject29_phone_L_22.wav
subject29_phone_L_23.wav
subject29_phone_L_24.wav
subject29_phone_L_25.wav
subject29_phone_L_26.wav
subject29_phone_L_27.wav
subject29_phone_L_28.wav
subject29_phone_L_29.wav
subject29_phone_L_30.wav
subject29_phone_L_31.wav
subject29_phone_L_32.wav
subject30_phone_L_0.wav
subject30_phone_L_1.wav
subject30_phone_L_2.wav
subject30_phone_L_3.wav
subject30_phone_L_4.wav
subject30_phone_L_5.wav
subject30_phone_L_6.wav
subject30_phone_L_7.wav
subject30_phone_L_8.wav
subject30_phone_L_9.wav
subject30_phone_L_10.wav
subject30_phone_L_11.wav
subject30_phone_L_12.wav
subject30_phone_L_13.wav
subject30_phone_L_14.wav
subject31_phone_L_0.wav
subject31_phone_L_1.wav
subject31_phone_L_2.wav
subject31_phone_L_3.wav
subject31_phone_L_4.wav
subject31_phone_L_5.wav
subject31_phone_L_6.wav
subject31_phone_L_7.wav
subject31_phone_L_8.wav
subject31_phone_L_9.wav
subject31_phone_L_10.wav
subject31_phone_L_11.wav
subject31_phone_L_12.wav
subject31_phone_L_13.wav
subject31_phone_L_14.wav
subject31_phone_L_15.wav
subject31_phone_L_16.wav
subject31_phone_L_17.wav
subject31_phone_L_18.wav
subject31_phone_L_19.wav
subject31_phone_L_20.wav
subject31_phone_L_21.wav
subject31_phone_L_22.wav
subject31_phone_L_23.wav
subject31_phone_L_24.wav
subject32_phone_L_0.wav
subject32_phone_L_1.wav
subject32_phone_L_2.wav