subject1_phone_AA1_0.npy
subject1_phone_AA1_1.npy
subject1_phone_AA1_2.npy
subject1_phone_AA1_3.npy
subject1_phone_AA1_4.npy
subject1_phone_AA1_5.npy
subject1_phone_AA1_6.npy
subject1_phone_AA1_7.npy
subject1_phone_AA1_8.npy
subject1_phone_AA1_9.npy
subject1_phone_AA1_10.npy
subject1_phone_AA1_11.npy
subject1_phone_AA1_12.npy
subject2_phone_AA1_0.npy
subject2_phone_AA1_1.npy
subject2_phone_AA1_2.npy
subject2_phone_AA1_3.npy
subject2_phone_AA1_4.npy
subject2_phone_AA1_5.npy
subject3_phone_AA1_0.npy
subject3_phone_AA1_1.npy
subject3_phone_AA1_2.npy
subject3_phone_AA1_3.npy
subject3_phone_AA1_4.npy
subject3_phone_AA1_5.npy
subject3_phone_AA1_6.npy
subject3_phone_AA1_7.npy
subject3_phone_AA1_8.npy
subject3_phone_AA1_9.npy
subject3_phone_AA1_10.npy
subject3_phone_AA1_11.npy
subject4_phone_AA1_0.npy
subject4_phone_AA1_1.npy
subject4_phone_AA1_2.npy
subject4_phone_AA1_3.npy
subject4_phone_AA1_4.npy
subject4_phone_AA1_5.npy
subject4_phone_AA1_6.npy
subject4_phone_AA1_7.npy
subject4_phone_AA1_8.npy
subject4_phone_AA1_9.npy
subject4_phone_AA1_10.npy
subject4_phone_AA1_11.npy
subject4_phone_AA1_12.npy
subject4_phone_AA1_13.npy
subject4_phone_AA1_14.npy
subject4_phone_AA1_15.npy
subject4_phone_AA1_16.npy
subject4_phone_AA1_17.npy
subject4_phone_AA1_18.npy
subject5_phone_AA1_0.npy
subject5_phone_AA1_1.npy
subject5_phone_AA1_2.npy
subject6_phone_AA1_0.npy
subject6_phone_AA1_1.npy
subject6_phone_AA1_2.npy
subject6_phone_AA1_3.npy
subject6_phone_AA1_4.npy
subject6_phone_AA1_5.npy
subject6_phone_AA1_6.npy
subject6_phone_AA1_7.npy
subject6_phone_AA1_8.npy
subject6_phone_AA1_9.npy
subject6_phone_AA1_10.npy
subject6_phone_AA1_11.npy
subject6_phone_AA1_12.npy
subject6_phone_AA1_13.npy
subject7_phone_AA1_0.npy
subject7_phone_AA1_1.npy
subject7_phone_AA1_2.npy
subject8_phone_AA1_0.npy
subject8_phone_AA1_1.npy
subject9_phone_AA1_0.npy
subject9_phone_AA1_1.npy
subject9_phone_AA1_2.npy
subject9_phone_AA1_3.npy
subject9_phone_AA1_4.npy
subject9_phone_AA1_5.npy
subject9_phone_AA1_6.npy
subject9_phone_AA1_7.npy
subject9_phone_AA1_8.npy
subject9_phone_AA1_9.npy
subject9_phone_AA1_10.npy
subject11_phone_AA1_0.npy
subject11_phone_AA1_1.npy
subject11_phone_AA1_2.npy
subject11_phone_AA1_3.npy
subject11_phone_AA1_4.npy
subject11_phone_AA1_5.npy
subject12_phone_AA1_0.npy
subject12_phone_AA1_1.npy
subject12_phone_AA1_2.npy
subject12_phone_AA1_3.npy
subject12_phone_AA1_4.npy
subject12_phone_AA1_5.npy
subject12_phone_AA1_6.npy
subject13_phone_AA1_0.npy
subject13_phone_AA1_1.npy
subject13_phone_AA1_2.npy
subject13_phone_AA1_3.npy
subject13_phone_AA1_4.npy
subject13_phone_AA1_5.npy
subject13_phone_AA1_6.npy
subject13_phone_AA1_7.npy
subject13_phone_AA1_8.npy
subject13_phone_AA1_9.npy
subject13_phone_AA1_10.npy
subject13_phone_AA1_11.npy
subject13_phone_AA1_12.npy
subject13_phone_AA1_13.npy
subject13_phone_AA1_14.npy
subject13_phone_AA1_15.npy
subject14_phone_AA1_0.npy
subject14_phone_AA1_1.npy
subject14_phone_AA1_2.npy
subject14_phone_AA1_3.npy
subject14_phone_AA1_4.npy
subject14_phone_AA1_5.npy
subject14_phone_AA1_6.npy
subject14_phone_AA1_7.npy
subject14_phone_AA1_8.npy
subject14_phone_AA1_9.npy
subject14_phone_AA1_10.npy
subject14_phone_AA1_11.npy
subject15_phone_AA1_0.npy
subject15_phone_AA1_1.npy
subject15_phone_AA1_2.npy
subject15_phone_AA1_3.npy
subject15_phone_AA1_4.npy
subject15_phone_AA1_5.npy
subject15_phone_AA1_6.npy
subject15_phone_AA1_7.npy
subject15_phone_AA1_8.npy
subject15_phone_AA1_9.npy
subject15_phone_AA1_10.npy
subject15_phone_AA1_11.npy
subject16_phone_AA1_0.npy
subject16_phone_AA1_1.npy
subject16_phone_AA1_2.npy
subject16_phone_AA1_3.npy
subject16_phone_AA1_4.npy
subject16_phone_AA1_5.npy
subject16_phone_AA1_6.npy
subject17_phone_AA1_0.npy
subject17_phone_AA1_1.npy
subject17_phone_AA1_2.npy
subject17_phone_AA1_3.npy
subject17_phone_AA1_4.npy
subject17_phone_AA1_5.npy
subject17_phone_AA1_6.npy
subject17_phone_AA1_7.npy
subject17_phone_AA1_8.npy
subject17_phone_AA1_9.npy
subject18_phone_AA1_0.npy
subject18_phone_AA1_1.npy
subject18_phone_AA1_2.npy
subject18_phone_AA1_3.npy
subject18_phone_AA1_4.npy
subject18_phone_AA1_5.npy
subject18_phone_AA1_6.npy
subject18_phone_AA1_7.npy
subject18_phone_AA1_8.npy
subject19_phone_AA1_0.npy
subject19_phone_AA1_1.npy
subject19_phone_AA1_2.npy
subject19_phone_AA1_3.npy
subject19_phone_AA1_4.npy
subject20_phone_AA1_0.npy
subject20_phone_AA1_1.npy
subject20_phone_AA1_2.npy
subject20_phone_AA1_3.npy
subject20_phone_AA1_4.npy
subject20_phone_AA1_5.npy
subject20_phone_AA1_6.npy
subject20_phone_AA1_7.npy
subject20_phone_AA1_8.npy
subject20_phone_AA1_9.npy
subject20_phone_AA1_10.npy
subject20_phone_AA1_11.npy
subject20_phone_AA1_12.npy
subject20_phone_AA1_13.npy
subject20_phone_AA1_14.npy
subject20_phone_AA1_15.npy
subject21_phone_AA1_0.npy
subject21_phone_AA1_1.npy
subject21_phone_AA1_2.npy
subject21_phone_AA1_3.npy
subject21_phone_AA1_4.npy
subject21_phone_AA1_5.npy
subject21_phone_AA1_6.npy
subject21_phone_AA1_7.npy
subject21_phone_AA1_8.npy
subject21_phone_AA1_9.npy
subject21_phone_AA1_10.npy
subject21_phone_AA1_11.npy
subject21_phone_AA1_12.npy
subject21_phone_AA1_13.npy
subject22_phone_AA1_0.npy
subject22_phone_AA1_1.npy
subject22_phone_AA1_2.npy
subject22_phone_AA1_3.npy
subject22_phone_AA1_4.npy
subject22_phone_AA1_5.npy
subject22_phone_AA1_6.npy
subject22_phone_AA1_7.npy
subject22_phone_AA1_8.npy
subject22_phone_AA1_9.npy
subject22_phone_AA1_10.npy
subject22_phone_AA1_11.npy
subject22_phone_AA1_12.npy
subject22_phone_AA1_13.npy
subject22_phone_AA1_14.npy
subject22_phone_AA1_15.npy
subject23_phone_AA1_0.npy
subject23_phone_AA1_1.npy
subject23_phone_AA1_2.npy
subject23_phone_AA1_3.npy
subject23_phone_AA1_4.npy
subject23_phone_AA1_5.npy
subject23_phone_AA1_6.npy
subject23_phone_AA1_7.npy
subject23_phone_AA1_8.npy
subject23_phone_AA1_9.npy
subject23_phone_AA1_10.npy
subject23_phone_AA1_11.npy
subject25_phone_AA1_0.npy
subject25_phone_AA1_1.npy
subject25_phone_AA1_2.npy
subject25_phone_AA1_3.npy
subject25_phone_AA1_4.npy
subject25_phone_AA1_5.npy
subject25_phone_AA1_6.npy
subject25_phone_AA1_7.npy
subject25_phone_AA1_8.npy
subject25_phone_AA1_9.npy
subject25_phone_AA1_10.npy
subject25_phone_AA1_11.npy
subject25_phone_AA1_12.npy
subject25_phone_AA1_13.npy
subject25_phone_AA1_14.npy
subject25_phone_AA1_15.npy
subject26_phone_AA1_0.npy
subject26_phone_AA1_1.npy
subject26_phone_AA1_2.npy
subject26_phone_AA1_3.npy
subject26_phone_AA1_4.npy
subject26_phone_AA1_5.npy
subject26_phone_AA1_6.npy
subject26_phone_AA1_7.npy
subject26_phone_AA1_8.npy
subject26_phone_AA1_9.npy
subject26_phone_AA1_10.npy
subject27_phone_AA1_0.npy
subject27_phone_AA1_1.npy
subject27_phone_AA1_2.npy
subject27_phone_AA1_3.npy
subject27_phone_AA1_4.npy
subject27_phone_AA1_5.npy
subject27_phone_AA1_6.npy
subject27_phone_AA1_7.npy
subject27_phone_AA1_8.npy
subject28_phone_AA1_0.npy
subject28_phone_AA1_1.npy
subject28_phone_AA1_2.npy
subject28_phone_AA1_3.npy
subject28_phone_AA1_4.npy
subject28_phone_AA1_5.npy
subject28_phone_AA1_6.npy
subject28_phone_AA1_7.npy
subject28_phone_AA1_8.npy
subject28_phone_AA1_9.npy
subject28_phone_AA1_10.npy
subject29_phone_AA1_0.npy
subject29_phone_AA1_1.npy
subject29_phone_AA1_2.npy
subject29_phone_AA1_3.npy
subject29_phone_AA1_4.npy
subject29_phone_AA1_5.npy
subject29_phone_AA1_6.npy
subject29_phone_AA1_7.npy
subject29_phone_AA1_8.npy
subject29_phone_AA1_9.npy
subject29_phone_AA1_10.npy
subject29_phone_AA1_11.npy
subject29_phone_AA1_12.npy
subject30_phone_AA1_0.npy
subject30_phone_AA1_1.npy
subject30_phone_AA1_2.npy
subject30_phone_AA1_3.npy
subject30_phone_AA1_4.npy
subject30_phone_AA1_5.npy
subject31_phone_AA1_0.npy
subject31_phone_AA1_1.npy
subject31_phone_AA1_2.npy
subject31_phone_AA1_3.npy
subject31_phone_AA1_4.npy
subject31_phone_AA1_5.npy
subject31_phone_AA1_6.npy
subject31_phone_AA1_7.npy
subject31_phone_AA1_8.npy
subject31_phone_AA1_9.npy
subject31_phone_AA1_10.npy
subject31_phone_AA1_11.npy
subject32_phone_AA1_0.npy
