subject1_phone_AA1_0.wav
subject1_phone_AA1_1.wav
subject1_phone_AA1_2.wav
subject1_phone_AA1_3.wav
subject1_phone_AA1_4.wav
subject1_phone_AA1_5.wav
subject1_phone_AA1_6.wav
subject1_phone_AA1_7.wav
subject1_phone_AA1_8.wav
subject1_phone_AA1_9.wav
subject1_phone_AA1_10.wav
subject1_phone_AA1_11.wav
subject1_phone_AA1_12.wav
subject2_phone_AA1_0.wav
subject2_phone_AA1_1.wav
subject2_phone_AA1_2.wav
subject2_phone_AA1_3.wav
subject2_phone_AA1_4.wav
subject2_phone_AA1_5.wav
subject3_phone_AA1_0.wav
subject3_phone_AA1_1.wav
subject3_phone_AA1_2.wav
subject3_phone_AA1_3.wav
subject3_phone_AA1_4.wav
subject3_phone_AA1_5.wav
subject3_phone_AA1_6.wav
subject3_phone_AA1_7.wav
subject3_phone_AA1_8.wav
subject3_phone_AA1_9.wav
subject3_phone_AA1_10.wav
subject3_phone_AA1_11.wav
subject4_phone_AA1_0.wav
subject4_phone_AA1_1.wav
subject4_phone_AA1_2.wav
subject4_phone_AA1_3.wav
subject4_phone_AA1_4.wav
subject4_phone_AA1_5.wav
subject4_phone_AA1_6.wav
subject4_phone_AA1_7.wav
subject4_phone_AA1_8.wav
subject4_phone_AA1_9.wav
subject4_phone_AA1_10.wav
subject4_phone_AA1_11.wav
subject4_phone_AA1_12.wav
subject4_phone_AA1_13.wav
subject4_phone_AA1_14.wav
subject4_phone_AA1_15.wav
subject4_phone_AA1_16.wav
subject4_phone_AA1_17.wav
subject4_phone_AA1_18.wav
subject5_phone_AA1_0.wav
subject5_phone_AA1_1.wav
subject5_phone_AA1_2.wav
subject6_phone_AA1_0.wav
subject6_phone_AA1_1.wav
subject6_phone_AA1_2.wav
subject6_phone_AA1_3.wav
subject6_phone_AA1_4.wav
subject6_phone_AA1_5.wav
subject6_phone_AA1_6.wav
subject6_phone_AA1_7.wav
subject6_phone_AA1_8.wav
subject6_phone_AA1_9.wav
subject6_phone_AA1_10.wav
subject6_phone_AA1_11.wav
subject6_phone_AA1_12.wav
subject6_phone_AA1_13.wav
subject7_phone_AA1_0.wav
subject7_phone_AA1_1.wav
subject7_phone_AA1_2.wav
subject8_phone_AA1_0.wav
subject8_phone_AA1_1.wav
subject9_phone_AA1_0.wav
subject9_phone_AA1_1.wav
subject9_phone_AA1_2.wav
subject9_phone_AA1_3.wav
subject9_phone_AA1_4.wav
subject9_phone_AA1_5.wav
subject9_phone_AA1_6.wav
subject9_phone_AA1_7.wav
subject9_phone_AA1_8.wav
subject9_phone_AA1_9.wav
subject9_phone_AA1_10.wav
subject11_phone_AA1_0.wav
subject11_phone_AA1_1.wav
subject11_phone_AA1_2.wav
subject11_phone_AA1_3.wav
subject11_phone_AA1_4.wav
subject11_phone_AA1_5.wav
subject12_phone_AA1_0.wav
subject12_phone_AA1_1.wav
subject12_phone_AA1_2.wav
subject12_phone_AA1_3.wav
subject12_phone_AA1_4.wav
subject12_phone_AA1_5.wav
subject12_phone_AA1_6.wav
subject13_phone_AA1_0.wav
subject13_phone_AA1_1.wav
subject13_phone_AA1_2.wav
subject13_phone_AA1_3.wav
subject13_phone_AA1_4.wav
subject13_phone_AA1_5.wav
subject13_phone_AA1_6.wav
subject13_phone_AA1_7.wav
subject13_phone_AA1_8.wav
subject13_phone_AA1_9.wav
subject13_phone_AA1_10.wav
subject13_phone_AA1_11.wav
subject13_phone_AA1_12.wav
subject13_phone_AA1_13.wav
subject13_phone_AA1_14.wav
subject13_phone_AA1_15.wav
subject14_phone_AA1_0.wav
subject14_phone_AA1_1.wav
subject14_phone_AA1_2.wav
subject14_phone_AA1_3.wav
subject14_phone_AA1_4.wav
subject14_phone_AA1_5.wav
subject14_phone_AA1_6.wav
subject14_phone_AA1_7.wav
subject14_phone_AA1_8.wav
subject14_phone_AA1_9.wav
subject14_phone_AA1_10.wav
subject14_phone_AA1_11.wav
subject15_phone_AA1_0.wav
subject15_phone_AA1_1.wav
subject15_phone_AA1_2.wav
subject15_phone_AA1_3.wav
subject15_phone_AA1_4.wav
subject15_phone_AA1_5.wav
subject15_phone_AA1_6.wav
subject15_phone_AA1_7.wav
subject15_phone_AA1_8.wav
subject15_phone_AA1_9.wav
subject15_phone_AA1_10.wav
subject15_phone_AA1_11.wav
subject16_phone_AA1_0.wav
subject16_phone_AA1_1.wav
subject16_phone_AA1_2.wav
subject16_phone_AA1_3.wav
subject16_phone_AA1_4.wav
subject16_phone_AA1_5.wav
subject16_phone_AA1_6.wav
subject17_phone_AA1_0.wav
subject17_phone_AA1_1.wav
subject17_phone_AA1_2.wav
subject17_phone_AA1_3.wav
subject17_phone_AA1_4.wav
subject17_phone_AA1_5.wav
subject17_phone_AA1_6.wav
subject17_phone_AA1_7.wav
subject17_phone_AA1_8.wav
subject17_phone_AA1_9.wav
subject18_phone_AA1_0.wav
subject18_phone_AA1_1.wav
subject18_phone_AA1_2.wav
subject18_phone_AA1_3.wav
subject18_phone_AA1_4.wav
subject18_phone_AA1_5.wav
subject18_phone_AA1_6.wav
subject18_phone_AA1_7.wav
subject18_phone_AA1_8.wav
subject19_phone_AA1_0.wav
subject19_phone_AA1_1.wav
subject19_phone_AA1_2.wav
subject19_phone_AA1_3.wav
subject19_phone_AA1_4.wav
subject20_phone_AA1_0.wav
subject20_phone_AA1_1.wav
subject20_phone_AA1_2.wav
subject20_phone_AA1_3.wav
subject20_phone_AA1_4.wav
subject20_phone_AA1_5.wav
subject20_phone_AA1_6.wav
subject20_phone_AA1_7.wav
subject20_phone_AA1_8.wav
subject20_phone_AA1_9.wav
subject20_phone_AA1_10.wav
subject20_phone_AA1_11.wav
subject20_phone_AA1_12.wav
subject20_phone_AA1_13.wav
subject20_phone_AA1_14.wav
subject20_phone_AA1_15.wav
subject21_phone_AA1_0.wav
subject21_phone_AA1_1.wav
subject21_phone_AA1_2.wav
subject21_phone_AA1_3.wav
subject21_phone_AA1_4.wav
subject21_phone_AA1_5.wav
subject21_phone_AA1_6.wav
subject21_phone_AA1_7.wav
subject21_phone_AA1_8.wav
subject21_phone_AA1_9.wav
subject21_phone_AA1_10.wav
subject21_phone_AA1_11.wav
subject21_phone_AA1_12.wav
subject21_phone_AA1_13.wav
subject22_phone_AA1_0.wav
subject22_phone_AA1_1.wav
subject22_phone_AA1_2.wav
subject22_phone_AA1_3.wav
subject22_phone_AA1_4.wav
subject22_phone_AA1_5.wav
subject22_phone_AA1_6.wav
subject22_phone_AA1_7.wav
subject22_phone_AA1_8.wav
subject22_phone_AA1_9.wav
subject22_phone_AA1_10.wav
subject22_phone_AA1_11.wav
subject22_phone_AA1_12.wav
subject22_phone_AA1_13.wav
subject22_phone_AA1_14.wav
subject22_phone_AA1_15.wav
subject23_phone_AA1_0.wav
subject23_phone_AA1_1.wav
subject23_phone_AA1_2.wav
subject23_phone_AA1_3.wav
subject23_phone_AA1_4.wav
subject23_phone_AA1_5.wav
subject23_phone_AA1_6.wav
subject23_phone_AA1_7.wav
subject23_phone_AA1_8.wav
subject23_phone_AA1_9.wav
subject23_phone_AA1_10.wav
subject23_phone_AA1_11.wav
subject25_phone_AA1_0.wav
subject25_phone_AA1_1.wav
subject25_phone_AA1_2.wav
subject25_phone_AA1_3.wav
subject25_phone_AA1_4.wav
subject25_phone_AA1_5.wav
subject25_phone_AA1_6.wav
subject25_phone_AA1_7.wav
subject25_phone_AA1_8.wav
subject25_phone_AA1_9.wav
subject25_phone_AA1_10.wav
subject25_phone_AA1_11.wav
subject25_phone_AA1_12.wav
subject25_phone_AA1_13.wav
subject25_phone_AA1_14.wav
subject25_phone_AA1_15.wav
subject26_phone_AA1_0.wav
subject26_phone_AA1_1.wav
subject26_phone_AA1_2.wav
subject26_phone_AA1_3.wav
subject26_phone_AA1_4.wav
subject26_phone_AA1_5.wav
subject26_phone_AA1_6.wav
subject26_phone_AA1_7.wav
subject26_phone_AA1_8.wav
subject26_phone_AA1_9.wav
subject26_phone_AA1_10.wav
subject27_phone_AA1_0.wav
subject27_phone_AA1_1.wav
subject27_phone_AA1_2.wav
subject27_phone_AA1_3.wav
subject27_phone_AA1_4.wav
subject27_phone_AA1_5.wav
subject27_phone_AA1_6.wav
subject27_phone_AA1_7.wav
subject27_phone_AA1_8.wav
subject28_phone_AA1_0.wav
subject28_phone_AA1_1.wav
subject28_phone_AA1_2.wav
subject28_phone_AA1_3.wav
subject28_phone_AA1_4.wav
subject28_phone_AA1_5.wav
subject28_phone_AA1_6.wav
subject28_phone_AA1_7.wav
subject28_phone_AA1_8.wav
subject28_phone_AA1_9.wav
subject28_phone_AA1_10.wav
subject29_phone_AA1_0.wav
subject29_phone_AA1_1.wav
subject29_phone_AA1_2.wav
subject29_phone_AA1_3.wav
subject29_phone_AA1_4.wav
subject29_phone_AA1_5.wav
subject29_phone_AA1_6.wav
subject29_phone_AA1_7.wav
subject29_phone_AA1_8.wav
subject29_phone_AA1_9.wav
subject29_phone_AA1_10.wav
subject29_phone_AA1_11.wav
subject29_phone_AA1_12.wav
subject30_phone_AA1_0.wav
subject30_phone_AA1_1.wav
subject30_phone_AA1_2.wav
subject30_phone_AA1_3.wav
subject30_phone_AA1_4.wav
subject30_phone_AA1_5.wav
subject31_phone_AA1_0.wav
subject31_phone_AA1_1.wav
subject31_phone_AA1_2.wav
subject31_phone_AA1_3.wav
subject31_phone_AA1_4.wav
subject31_phone_AA1_5.wav
subject31_phone_AA1_6.wav
subject31_phone_AA1_7.wav
subject31_phone_AA1_8.wav
subject31_phone_AA1_9.wav
subject31_phone_AA1_10.wav
subject31_phone_AA1_11.wav
subject32_phone_AA1_0.wav
