subject1_phone_L_0.npy
subject1_phone_L_1.npy
subject1_phone_L_2.npy
subject1_phone_L_3.npy
subject1_phone_L_4.npy
subject1_phone_L_5.npy
subject1_phone_L_6.npy
subject1_phone_L_7.npy
subject1_phone_L_8.npy
subject1_phone_L_9.npy
subject1_phone_L_10.npy
subject1_phone_L_11.npy
subject1_phone_L_12.npy
subject1_phone_L_13.npy
subject1_phone_L_14.npy
subject1_phone_L_15.npy
subject1_phone_L_16.npy
subject1_phone_L_17.npy
subject1_phone_L_18.npy
subject1_phone_L_19.npy
subject1_phone_L_20.npy
subject1_phone_L_21.npy
subject1_phone_L_22.npy
subject1_phone_L_23.npy
subject1_phone_L_24.npy
subject1_phone_L_25.npy
subject1_phone_L_26.npy
subject1_phone_L_27.npy
subject1_phone_L_28.npy
subject1_phone_L_29.npy
subject1_phone_L_30.npy
subject1_phone_L_31.npy
subject1_phone_L_32.npy
subject1_phone_L_33.npy
subject1_phone_L_34.npy
subject1_phone_L_35.npy
subject1_phone_L_36.npy
subject1_phone_L_37.npy
subject2_phone_L_0.npy
subject2_phone_L_1.npy
subject2_phone_L_2.npy
subject2_phone_L_3.npy
subject2_phone_L_4.npy
subject2_phone_L_5.npy
subject2_phone_L_6.npy
subject2_phone_L_7.npy
subject2_phone_L_8.npy
subject2_phone_L_9.npy
subject2_phone_L_10.npy
subject2_phone_L_11.npy
subject3_phone_L_0.npy
subject3_phone_L_1.npy
subject3_phone_L_2.npy
subject3_phone_L_3.npy
subject3_phone_L_4.npy
subject3_phone_L_5.npy
subject3_phone_L_6.npy
subject3_phone_L_7.npy
subject3_phone_L_8.npy
subject3_phone_L_9.npy
subject3_phone_L_10.npy
subject3_phone_L_11.npy
subject3_phone_L_12.npy
subject3_phone_L_13.npy
subject3_phone_L_14.npy
subject3_phone_L_15.npy
subject3_phone_L_16.npy
subject3_phone_L_17.npy
subject3_phone_L_18.npy
subject3_phone_L_19.npy
subject3_phone_L_20.npy
subject3_phone_L_21.npy
subject3_phone_L_22.npy
subject3_phone_L_23.npy
subject3_phone_L_24.npy
subject3_phone_L_25.npy
subject3_phone_L_26.npy
subject3_phone_L_27.npy
subject3_phone_L_28.npy
subject4_phone_L_0.npy
subject4_phone_L_1.npy
subject4_phone_L_2.npy
subject4_phone_L_3.npy
subject4_phone_L_4.npy
subject4_phone_L_5.npy
subject4_phone_L_6.npy
subject4_phone_L_7.npy
subject4_phone_L_8.npy
subject4_phone_L_9.npy
subject4_phone_L_10.npy
subject4_phone_L_11.npy
subject4_phone_L_12.npy
subject4_phone_L_13.npy
subject4_phone_L_14.npy
subject4_phone_L_15.npy
subject4_phone_L_16.npy
subject4_phone_L_17.npy
subject4_phone_L_18.npy
subject4_phone_L_19.npy
subject4_phone_L_20.npy
subject4_phone_L_21.npy
subject4_phone_L_22.npy
subject4_phone_L_23.npy
subject4_phone_L_24.npy
subject4_phone_L_25.npy
subject4_phone_L_26.npy
subject4_phone_L_27.npy
subject4_phone_L_28.npy
subject4_phone_L_29.npy
subject4_phone_L_30.npy
subject4_phone_L_31.npy
subject4_phone_L_32.npy
subject4_phone_L_33.npy
subject4_phone_L_34.npy
subject4_phone_L_35.npy
subject4_phone_L_36.npy
subject4_phone_L_37.npy
subject4_phone_L_38.npy
subject4_phone_L_39.npy
subject4_phone_L_40.npy
subject4_phone_L_41.npy
subject4_phone_L_42.npy
subject4_phone_L_43.npy
subject4_phone_L_44.npy
subject5_phone_L_0.npy
subject5_phone_L_1.npy
subject5_phone_L_2.npy
subject5_phone_L_3.npy
subject5_phone_L_4.npy
subject5_phone_L_5.npy
subject5_phone_L_6.npy
subject5_phone_L_7.npy
subject5_phone_L_8.npy
subject5_phone_L_9.npy
subject5_phone_L_10.npy
subject5_phone_L_11.npy
subject5_phone_L_12.npy
subject6_phone_L_0.npy
subject6_phone_L_1.npy
subject6_phone_L_2.npy
subject6_phone_L_3.npy
subject6_phone_L_4.npy
subject6_phone_L_5.npy
subject6_phone_L_6.npy
subject6_phone_L_7.npy
subject6_phone_L_8.npy
subject6_phone_L_9.npy
subject6_phone_L_10.npy
subject6_phone_L_11.npy
subject6_phone_L_12.npy
subject6_phone_L_13.npy
subject6_phone_L_14.npy
subject6_phone_L_15.npy
subject6_phone_L_16.npy
subject6_phone_L_17.npy
subject6_phone_L_18.npy
subject6_phone_L_19.npy
subject6_phone_L_20.npy
subject6_phone_L_21.npy
subject6_phone_L_22.npy
subject6_phone_L_23.npy
subject6_phone_L_24.npy
subject6_phone_L_25.npy
subject6_phone_L_26.npy
subject6_phone_L_27.npy
subject6_phone_L_28.npy
subject6_phone_L_29.npy
subject6_phone_L_30.npy
subject7_phone_L_0.npy
subject7_phone_L_1.npy
subject7_phone_L_2.npy
subject7_phone_L_3.npy
subject7_phone_L_4.npy
subject7_phone_L_5.npy
subject7_phone_L_6.npy
subject7_phone_L_7.npy
subject7_phone_L_8.npy
subject7_phone_L_9.npy
subject7_phone_L_10.npy
subject7_phone_L_11.npy
subject7_phone_L_12.npy
subject8_phone_L_0.npy
subject8_phone_L_1.npy
subject8_phone_L_2.npy
subject8_phone_L_3.npy
subject8_phone_L_4.npy
subject8_phone_L_5.npy
subject9_phone_L_0.npy
subject9_phone_L_1.npy
subject9_phone_L_2.npy
subject9_phone_L_3.npy
subject9_phone_L_4.npy
subject9_phone_L_5.npy
subject9_phone_L_6.npy
subject9_phone_L_7.npy
subject9_phone_L_8.npy
subject9_phone_L_9.npy
subject9_phone_L_10.npy
subject9_phone_L_11.npy
subject9_phone_L_12.npy
subject9_phone_L_13.npy
subject9_phone_L_14.npy
subject9_phone_L_15.npy
subject9_phone_L_16.npy
subject9_phone_L_17.npy
subject9_phone_L_18.npy
subject9_phone_L_19.npy
subject9_phone_L_20.npy
subject9_phone_L_21.npy
subject11_phone_L_0.npy
subject11_phone_L_1.npy
subject11_phone_L_2.npy
subject11_phone_L_3.npy
subject11_phone_L_4.npy
subject11_phone_L_5.npy
subject11_phone_L_6.npy
subject11_phone_L_7.npy
subject11_phone_L_8.npy
subject11_phone_L_9.npy
subject11_phone_L_10.npy
subject11_phone_L_11.npy
subject11_phone_L_12.npy
subject11_phone_L_13.npy
subject11_phone_L_14.npy
subject11_phone_L_15.npy
subject11_phone_L_16.npy
subject11_phone_L_17.npy
subject11_phone_L_18.npy
subject11_phone_L_19.npy
subject11_phone_L_20.npy
subject11_phone_L_21.npy
subject11_phone_L_22.npy
subject12_phone_L_0.npy
subject12_phone_L_1.npy
subject12_phone_L_2.npy
subject12_phone_L_3.npy
subject12_phone_L_4.npy
subject12_phone_L_5.npy
subject12_phone_L_6.npy
subject12_phone_L_7.npy
subject12_phone_L_8.npy
subject12_phone_L_9.npy
subject12_phone_L_10.npy
subject12_phone_L_11.npy
subject12_phone_L_12.npy
subject12_phone_L_13.npy
subject12_phone_L_14.npy
subject12_phone_L_15.npy
subject12_phone_L_16.npy
subject12_phone_L_17.npy
subject13_phone_L_0.npy
subject13_phone_L_1.npy
subject13_phone_L_2.npy
subject13_phone_L_3.npy
subject13_phone_L_4.npy
subject13_phone_L_5.npy
subject13_phone_L_6.npy
subject13_phone_L_7.npy
subject13_phone_L_8.npy
subject13_phone_L_9.npy
subject13_phone_L_10.npy
subject13_phone_L_11.npy
subject13_phone_L_12.npy
subject13_phone_L_13.npy
subject13_phone_L_14.npy
subject13_phone_L_15.npy
subject13_phone_L_16.npy
subject13_phone_L_17.npy
subject13_phone_L_18.npy
subject13_phone_L_19.npy
subject13_phone_L_20.npy
subject13_phone_L_21.npy
subject13_phone_L_22.npy
subject13_phone_L_23.npy
subject13_phone_L_24.npy
subject13_phone_L_25.npy
subject13_phone_L_26.npy
subject13_phone_L_27.npy
subject13_phone_L_28.npy
subject13_phone_L_29.npy
subject13_phone_L_30.npy
subject13_phone_L_31.npy
subject13_phone_L_32.npy
subject13_phone_L_33.npy
subject13_phone_L_34.npy
subject13_phone_L_35.npy
subject13_phone_L_36.npy
subject13_phone_L_37.npy
subject13_phone_L_38.npy
subject13_phone_L_39.npy
subject14_phone_L_0.npy
subject14_phone_L_1.npy
subject14_phone_L_2.npy
subject14_phone_L_3.npy
subject14_phone_L_4.npy
subject14_phone_L_5.npy
subject14_phone_L_6.npy
subject14_phone_L_7.npy
subject14_phone_L_8.npy
subject14_phone_L_9.npy
subject14_phone_L_10.npy
subject14_phone_L_11.npy
subject14_phone_L_12.npy
subject14_phone_L_13.npy
subject14_phone_L_14.npy
subject14_phone_L_15.npy
subject14_phone_L_16.npy
subject14_phone_L_17.npy
subject14_phone_L_18.npy
subject14_phone_L_19.npy
subject14_phone_L_20.npy
subject14_phone_L_21.npy
subject14_phone_L_22.npy
subject14_phone_L_23.npy
subject14_phone_L_24.npy
subject14_phone_L_25.npy
subject15_phone_L_0.npy
subject15_phone_L_1.npy
subject15_phone_L_2.npy
subject15_phone_L_3.npy
subject15_phone_L_4.npy
subject15_phone_L_5.npy
subject15_phone_L_6.npy
subject15_phone_L_7.npy
subject15_phone_L_8.npy
subject15_phone_L_9.npy
subject15_phone_L_10.npy
subject15_phone_L_11.npy
subject15_phone_L_12.npy
subject15_phone_L_13.npy
subject15_phone_L_14.npy
subject15_phone_L_15.npy
subject15_phone_L_16.npy
subject15_phone_L_17.npy
subject15_phone_L_18.npy
subject15_phone_L_19.npy
subject15_phone_L_20.npy
subject15_phone_L_21.npy
subject15_phone_L_22.npy
subject15_phone_L_23.npy
subject16_phone_L_0.npy
subject16_phone_L_1.npy
subject16_phone_L_2.npy
subject16_phone_L_3.npy
subject16_phone_L_4.npy
subject16_phone_L_5.npy
subject16_phone_L_6.npy
subject16_phone_L_7.npy
subject16_phone_L_8.npy
subject16_phone_L_9.npy
subject16_phone_L_10.npy
subject16_phone_L_11.npy
subject16_phone_L_12.npy
subject16_phone_L_13.npy
subject16_phone_L_14.npy
subject16_phone_L_15.npy
subject16_phone_L_16.npy
subject17_phone_L_0.npy
subject17_phone_L_1.npy
subject17_phone_L_2.npy
subject17_phone_L_3.npy
subject17_phone_L_4.npy
subject17_phone_L_5.npy
subject17_phone_L_6.npy
subject17_phone_L_7.npy
subject17_phone_L_8.npy
subject17_phone_L_9.npy
subject17_phone_L_10.npy
subject17_phone_L_11.npy
subject17_phone_L_12.npy
subject17_phone_L_13.npy
subject17_phone_L_14.npy
subject17_phone_L_15.npy
subject17_phone_L_16.npy
subject17_phone_L_17.npy
subject17_phone_L_18.npy
subject17_phone_L_19.npy
subject17_phone_L_20.npy
subject18_phone_L_0.npy
subject18_phone_L_1.npy
subject18_phone_L_2.npy
subject18_phone_L_3.npy
subject18_phone_L_4.npy
subject18_phone_L_5.npy
subject18_phone_L_6.npy
subject18_phone_L_7.npy
subject18_phone_L_8.npy
subject18_phone_L_9.npy
subject18_phone_L_10.npy
subject18_phone_L_11.npy
subject18_phone_L_12.npy
subject18_phone_L_13.npy
subject18_phone_L_14.npy
subject18_phone_L_15.npy
subject18_phone_L_16.npy
subject18_phone_L_17.npy
subject18_phone_L_18.npy
subject18_phone_L_19.npy
subject19_phone_L_0.npy
subject19_phone_L_1.npy
subject19_phone_L_2.npy
subject19_phone_L_3.npy
subject19_phone_L_4.npy
subject19_phone_L_5.npy
subject19_phone_L_6.npy
subject19_phone_L_7.npy
subject20_phone_L_0.npy
subject20_phone_L_1.npy
subject20_phone_L_2.npy
subject20_phone_L_3.npy
subject20_phone_L_4.npy
subject20_phone_L_5.npy
subject20_phone_L_6.npy
subject20_phone_L_7.npy
subject20_phone_L_8.npy
subject20_phone_L_9.npy
subject20_phone_L_10.npy
subject20_phone_L_11.npy
subject20_phone_L_12.npy
subject20_phone_L_13.npy
subject20_phone_L_14.npy
subject20_phone_L_15.npy
subject20_phone_L_16.npy
subject20_phone_L_17.npy
subject20_phone_L_18.npy
subject20_phone_L_19.npy
subject20_phone_L_20.npy
subject20_phone_L_21.npy
subject20_phone_L_22.npy
subject20_phone_L_23.npy
subject20_phone_L_24.npy
subject20_phone_L_25.npy
subject20_phone_L_26.npy
subject20_phone_L_27.npy
subject20_phone_L_28.npy
subject20_phone_L_29.npy
subject20_phone_L_30.npy
subject20_phone_L_31.npy
subject20_phone_L_32.npy
subject20_phone_L_33.npy
subject20_phone_L_34.npy
subject20_phone_L_35.npy
subject20_phone_L_36.npy
subject20_phone_L_37.npy
subject20_phone_L_38.npy
subject21_phone_L_0.npy
subject21_phone_L_1.npy
subject21_phone_L_2.npy
subject21_phone_L_3.npy
subject21_phone_L_4.npy
subject21_phone_L_5.npy
subject21_phone_L_6.npy
subject21_phone_L_7.npy
subject21_phone_L_8.npy
subject21_phone_L_9.npy
subject21_phone_L_10.npy
subject21_phone_L_11.npy
subject21_phone_L_12.npy
subject21_phone_L_13.npy
subject21_phone_L_14.npy
subject21_phone_L_15.npy
subject21_phone_L_16.npy
subject21_phone_L_17.npy
subject21_phone_L_18.npy
subject21_phone_L_19.npy
subject21_phone_L_20.npy
subject21_phone_L_21.npy
subject21_phone_L_22.npy
subject21_phone_L_23.npy
subject21_phone_L_24.npy
subject21_phone_L_25.npy
subject21_phone_L_26.npy
subject22_phone_L_0.npy
subject22_phone_L_1.npy
subject22_phone_L_2.npy
subject22_phone_L_3.npy
subject22_phone_L_4.npy
subject22_phone_L_5.npy
subject22_phone_L_6.npy
subject22_phone_L_7.npy
subject22_phone_L_8.npy
subject22_phone_L_9.npy
subject22_phone_L_10.npy
subject22_phone_L_11.npy
subject22_phone_L_12.npy
subject22_phone_L_13.npy
subject22_phone_L_14.npy
subject22_phone_L_15.npy
subject22_phone_L_16.npy
subject22_phone_L_17.npy
subject22_phone_L_18.npy
subject22_phone_L_19.npy
subject22_phone_L_20.npy
subject22_phone_L_21.npy
subject22_phone_L_22.npy
subject22_phone_L_23.npy
subject22_phone_L_24.npy
subject22_phone_L_25.npy
subject22_phone_L_26.npy
subject22_phone_L_27.npy
subject22_phone_L_28.npy
subject22_phone_L_29.npy
subject22_phone_L_30.npy
subject22_phone_L_31.npy
subject22_phone_L_32.npy
subject22_phone_L_33.npy
subject22_phone_L_34.npy
subject22_phone_L_35.npy
subject22_phone_L_36.npy
subject22_phone_L_37.npy
subject22_phone_L_38.npy
subject22_phone_L_39.npy
subject22_phone_L_40.npy
subject23_phone_L_0.npy
subject23_phone_L_1.npy
subject23_phone_L_2.npy
subject23_phone_L_3.npy
subject23_phone_L_4.npy
subject23_phone_L_5.npy
subject23_phone_L_6.npy
subject23_phone_L_7.npy
subject23_phone_L_8.npy
subject23_phone_L_9.npy
subject23_phone_L_10.npy
subject23_phone_L_11.npy
subject23_phone_L_12.npy
subject23_phone_L_13.npy
subject23_phone_L_14.npy
subject23_phone_L_15.npy
subject23_phone_L_16.npy
subject23_phone_L_17.npy
subject23_phone_L_18.npy
subject23_phone_L_19.npy
subject23_phone_L_20.npy
subject23_phone_L_21.npy
subject23_phone_L_22.npy
subject23_phone_L_23.npy
subject23_phone_L_24.npy
subject23_phone_L_25.npy
subject23_phone_L_26.npy
subject23_phone_L_27.npy
subject23_phone_L_28.npy
subject25_phone_L_0.npy
subject25_phone_L_1.npy
subject25_phone_L_2.npy
subject25_phone_L_3.npy
subject25_phone_L_4.npy
subject25_phone_L_5.npy
subject25_phone_L_6.npy
subject25_phone_L_7.npy
subject25_phone_L_8.npy
subject25_phone_L_9.npy
subject25_phone_L_10.npy
subject25_phone_L_11.npy
subject25_phone_L_12.npy
subject25_phone_L_13.npy
subject25_phone_L_14.npy
subject25_phone_L_15.npy
subject25_phone_L_16.npy
subject25_phone_L_17.npy
subject25_phone_L_18.npy
subject25_phone_L_19.npy
subject25_phone_L_20.npy
subject25_phone_L_21.npy
subject25_phone_L_22.npy
subject25_phone_L_23.npy
subject25_phone_L_24.npy
subject25_phone_L_25.npy
subject25_phone_L_26.npy
subject25_phone_L_27.npy
subject25_phone_L_28.npy
subject25_phone_L_29.npy
subject25_phone_L_30.npy
subject25_phone_L_31.npy
subject25_phone_L_32.npy
subject25_phone_L_33.npy
subject25_phone_L_34.npy
subject25_phone_L_35.npy
subject25_phone_L_36.npy
subject25_phone_L_37.npy
subject26_phone_L_0.npy
subject26_phone_L_1.npy
subject26_phone_L_2.npy
subject26_phone_L_3.npy
subject26_phone_L_4.npy
subject26_phone_L_5.npy
subject26_phone_L_6.npy
subject26_phone_L_7.npy
subject26_phone_L_8.npy
subject26_phone_L_9.npy
subject26_phone_L_10.npy
subject26_phone_L_11.npy
subject26_phone_L_12.npy
subject26_phone_L_13.npy
subject26_phone_L_14.npy
subject26_phone_L_15.npy
subject26_phone_L_16.npy
subject26_phone_L_17.npy
subject26_phone_L_18.npy
subject26_phone_L_19.npy
subject26_phone_L_20.npy
subject26_phone_L_21.npy
subject26_phone_L_22.npy
subject26_phone_L_23.npy
subject26_phone_L_24.npy
subject27_phone_L_0.npy
subject27_phone_L_1.npy
subject27_phone_L_2.npy
subject27_phone_L_3.npy
subject27_phone_L_4.npy
subject27_phone_L_5.npy
subject27_phone_L_6.npy
subject27_phone_L_7.npy
subject27_phone_L_8.npy
subject27_phone_L_9.npy
subject27_phone_L_10.npy
subject27_phone_L_11.npy
subject27_phone_L_12.npy
subject27_phone_L_13.npy
subject27_phone_L_14.npy
subject27_phone_L_15.npy
subject27_phone_L_16.npy
subject27_phone_L_17.npy
subject27_phone_L_18.npy
subject27_phone_L_19.npy
subject27_phone_L_20.npy
subject28_phone_L_0.npy
subject28_phone_L_1.npy
subject28_phone_L_2.npy
subject28_phone_L_3.npy
subject28_phone_L_4.npy
subject28_phone_L_5.npy
subject28_phone_L_6.npy
subject28_phone_L_7.npy
subject28_phone_L_8.npy
subject28_phone_L_9.npy
subject28_phone_L_10.npy
subject28_phone_L_11.npy
subject28_phone_L_12.npy
subject28_phone_L_13.npy
subject28_phone_L_14.npy
subject28_phone_L_15.npy
subject28_phone_L_16.npy
subject28_phone_L_17.npy
subject29_phone_L_0.npy
subject29_phone_L_1.npy
subject29_phone_L_2.npy
subject29_phone_L_3.npy
subject29_phone_L_4.npy
subject29_phone_L_5.npy
subject29_phone_L_6.npy
subject29_phone_L_7.npy
subject29_phone_L_8.npy
subject29_phone_L_9.npy
subject29_phone_L_10.npy
subject29_phone_L_11.npy
subject29_phone_L_12.npy
subject29_phone_L_13.npy
subject29_phone_L_14.npy
subject29_phone_L_15.npy
subject29_phone_L_16.npy
subject29_phone_L_17.npy
subject29_phone_L_18.npy
subject29_phone_L_19.npy
subject29_phone_L_20.npy
subject29_phone_L_21.npy
subject29_phone_L_22.npy
subject29_phone_L_23.npy
subject29_phone_L_24.npy
subject29_phone_L_25.npy
subject29_phone_L_26.npy
subject29_phone_L_27.npy
subject29_phone_L_28.npy
subject29_phone_L_29.npy
subject29_phone_L_30.npy
subject29_phone_L_31.npy
subject29_phone_L_32.npy
subject30_phone_L_0.npy
subject30_phone_L_1.npy
subject30_phone_L_2.npy
subject30_phone_L_3.npy
subject30_phone_L_4.npy
subject30_phone_L_5.npy
subject30_phone_L_6.npy
subject30_phone_L_7.npy
subject30_phone_L_8.npy
subject30_phone_L_9.npy
subject30_phone_L_10.npy
subject30_phone_L_11.npy
subject30_phone_L_12.npy
subject30_phone_L_13.npy
subject30_phone_L_14.npy
subject31_phone_L_0.npy
subject31_phone_L_1.npy
subject31_phone_L_2.npy
subject31_phone_L_3.npy
subject31_phone_L_4.npy
subject31_phone_L_5.npy
subject31_phone_L_6.npy
subject31_phone_L_7.npy
subject31_phone_L_8.npy
subject31_phone_L_9.npy
subject31_phone_L_10.npy
subject31_phone_L_11.npy
subject31_phone_L_12.npy
subject31_phone_L_13.npy
subject31_phone_L_14.npy
subject31_phone_L_15.npy
subject31_phone_L_16.npy
subject31_phone_L_17.npy
subject31_phone_L_18.npy
subject31_phone_L_19.npy
subject31_phone_L_20.npy
subject31_phone_L_21.npy
subject31_phone_L_22.npy
subject31_phone_L_23.npy
subject31_phone_L_24.npy
subject32_phone_L_0.npy
subject32_phone_L_1.npy
subject32_phone_L_2.npy